
Silence is true wisdom's best reply
 â€” Euripides

