engineering
entrepreneur
health
courage
proverb
emotion
decisions
