teaching
decisions
engineering
entrepreneur
health
courage
proverb
emotion
